[22:18:37.396][INFO][CraftTweaker-EarlyInit]: CraftTweaker is running on a Minecraft 1.20.1 production server modded with platform Forge
[22:18:37.422][INFO][CraftTweaker-EarlyInit]: Successfully injected RecipeFS file system
[22:18:37.441][INFO][CraftTweaker-Plugins]: Successfully identified and loaded plugin farmersdelight:crafttweaker_plugin
[22:18:37.443][INFO][CraftTweaker-Plugins]: Successfully identified and loaded plugin refurbished_furniture:plugin
[22:18:37.481][INFO][CraftTweaker-Plugins]: Successfully identified and loaded plugin crafttweaker:builtin
[22:18:37.483][INFO][CraftTweaker-Plugins]: Successfully identified and loaded plugin crafttweaker:builtin_forge
[22:18:37.487][INFO][CraftTweaker-Plugins]: Successfully identified and loaded plugin createtweaker:main
[22:18:39.343][INFO][CraftTweaker]: The following mods have explicit CraftTweaker support through the default plugin:
[22:18:39.345][INFO][CraftTweaker]: - 'crafttweaker' at version '14.0.44'
[22:18:39.346][INFO][CraftTweaker]: - 'createtweaker' at version '4.0.13'
[22:18:39.346][INFO][CraftTweaker]: - 'farmersdelight' at version '1.20.1-1.2.5'
[22:18:39.346][INFO][CraftTweaker]: - 'refurbished_furniture' at version '1.0.8'
[22:18:50.020][INFO][CraftTweaker-ZenCode]: Started loading scripts for loader 'initialize'
[22:18:51.023][INFO][CraftTweaker-ZenCode]: Compiling and executing scripts
[22:18:51.147][INFO][CraftTweaker-ZenCode]: Successfully initialized modules [crafttweaker, expansions]
[22:18:51.300][INFO][CraftTweaker-ZenCode]: Execution for loader 'initialize' completed successfully
[22:19:22.029][INFO][CraftTweaker-ZenCode]: Started loading scripts for loader 'tags'
[22:19:22.072][INFO][CraftTweaker-ZenCode]: Compiling and executing scripts
[22:19:22.103][INFO][CraftTweaker-ZenCode]: Successfully initialized modules [crafttweaker, expansions]
[22:19:22.123][INFO][CraftTweaker-ZenCode]: Execution for loader 'tags' completed successfully
[22:19:23.676][INFO][CraftTweaker]: crafttweaker.reload.start
[22:19:23.684][INFO][CraftTweaker-ZenCode]: Started loading scripts for loader 'crafttweaker'
[22:19:23.719][INFO][CraftTweaker-ZenCode]: Compiling and executing scripts
[22:19:24.323][INFO][CraftTweaker-ZenCode]: Successfully initialized modules [mods, crafttweaker, expansions]
[22:19:24.337][INFO][CraftTweaker-ZenCode]: Execution for loader 'crafttweaker' completed successfully
[22:19:24.338][INFO][CraftTweaker]: crafttweaker.reload.complete
